V3 6
FL C:/Users/Blanzas/Desktop/PR5_SE/pcores/teclado_v1_00_a/hdl/vhdl/user_logic.vhd 2019/12/16.17:13:56 P.15xf
EN teclado_v1_00_a/user_logic 1579953028 \
      FL C:/Users/Blanzas/Desktop/PR5_SE/pcores/teclado_v1_00_a/hdl/vhdl/user_logic.vhd \
      PB ieee/std_logic_1164 1335251622 PB ieee/std_logic_arith 1335251623 \
      PB ieee/STD_LOGIC_UNSIGNED 1335251625 LB proc_common_v3_00_a \
      PB proc_common_v3_00_a/proc_common_pkg 1576514092
AR teclado_v1_00_a/user_logic/IMP 1579953029 \
      FL C:/Users/Blanzas/Desktop/PR5_SE/pcores/teclado_v1_00_a/hdl/vhdl/user_logic.vhd \
      EN teclado_v1_00_a/user_logic 1579953028 CP teclaDetect
FL U:/hlocal/PR5_SE/pcores/teclado_v1_00_a/hdl/vhdl/user_logic.vhd 2019/12/16.17:13:56 P.15xf
